---
source: src/query.rs
expression: "&query_execution_results"
---
{
  "./test_crates/struct_must_use_added/": [
    {
      "name": String("StructToMustUseStruct"),
      "new_attr": String("#[must_use]"),
      "path": List([
        String("struct_must_use_added"),
        String("StructToMustUseStruct"),
      ]),
      "span_begin_line": Uint64(7),
      "span_end_line": Uint64(9),
      "span_filename": String("src/lib.rs"),
      "visibility_limit": String("public"),
    },
    {
      "name": String("StructToMustUseMessageStruct"),
      "new_attr": String("#[must_use = \"Foo\"]"),
      "path": List([
        String("struct_must_use_added"),
        String("StructToMustUseMessageStruct"),
      ]),
      "span_begin_line": Uint64(12),
      "span_end_line": Uint64(14),
      "span_filename": String("src/lib.rs"),
      "visibility_limit": String("public"),
    },
  ],
  "./test_crates/struct_must_use_removed/": [
    {
      "name": String("StructToMustUseStruct"),
      "new_attr": String("#[must_use]"),
      "path": List([
        String("struct_must_use_removed"),
        String("StructToMustUseStruct"),
      ]),
      "span_begin_line": Uint64(18),
      "span_end_line": Uint64(20),
      "span_filename": String("src/lib.rs"),
      "visibility_limit": String("public"),
    },
    {
      "name": String("StructToMustUseMessageStruct"),
      "new_attr": String("#[must_use = \"Foo\"]"),
      "path": List([
        String("struct_must_use_removed"),
        String("StructToMustUseMessageStruct"),
      ]),
      "span_begin_line": Uint64(23),
      "span_end_line": Uint64(25),
      "span_filename": String("src/lib.rs"),
      "visibility_limit": String("public"),
    },
  ],
}
